// Jest Snapshot v1, https://goo.gl/fbAQLP

exports[`HomeView Validaci√≥n de match con el snapshot 1`] = `
<div>
  <h1>About</h1>
</div>
`;
