// Jest Snapshot v1, https://goo.gl/fbAQLP

exports[`ContactView Validaci√≥n de match con el snapshot 1`] = `
<div>
  <h1>Contact</h1>
</div>
`;
